::1 - - [11/Jun/2024:21:25:24 +0000] "POST /listing/addListingImages/12345 HTTP/1.1" 200 154 "-" "Mozilla/5.0 (Windows NT 10.0; Win64; x64) AppleWebKit/537.36 (KHTML, like Gecko) Chrome/125.0.0.0 Safari/537.36"
::ffff:127.0.0.1 - - [11/Jun/2024:21:33:15 +0000] "GET /accesslog HTTP/1.1" 500 1385 "-" "PostmanRuntime/7.32.1"
::ffff:127.0.0.1 - - [11/Jun/2024:21:33:51 +0000] "GET /accesslog HTTP/1.1" 500 1383 "-" "PostmanRuntime/7.32.1"
::ffff:127.0.0.1 - - [11/Jun/2024:21:34:14 +0000] "GET /accesslog HTTP/1.1" 404 18 "-" "PostmanRuntime/7.32.1"
::ffff:127.0.0.1 - - [11/Jun/2024:21:34:38 +0000] "GET /accesslog HTTP/1.1" 200 548 "-" "PostmanRuntime/7.32.1"
::ffff:127.0.0.1 - - [14/Jun/2024:12:32:13 +0000] "POST /auth/login HTTP/1.1" 200 420 "-" "PostmanRuntime/7.32.1"
::ffff:127.0.0.1 - - [14/Jun/2024:12:34:01 +0000] "GET /listing/addListingImages/:id HTTP/1.1" 404 167 "-" "PostmanRuntime/7.32.1"
::ffff:127.0.0.1 - - [14/Jun/2024:12:34:13 +0000] "POST /listing/addListingImages/:id HTTP/1.1" 500 46 "-" "PostmanRuntime/7.32.1"
::ffff:127.0.0.1 - - [14/Jun/2024:12:36:48 +0000] "POST /listing/addListingImages/tadsu7cICDXnQZG6EpxbBVkCS6afh5 HTTP/1.1" 500 46 "-" "PostmanRuntime/7.32.1"
::ffff:127.0.0.1 - - [14/Jun/2024:12:36:53 +0000] "POST /listing/addListingImages/tadsu7cICDXnQZG6EpxbBVkCS6afh5 HTTP/1.1" 500 46 "-" "PostmanRuntime/7.32.1"
::ffff:127.0.0.1 - - [14/Jun/2024:12:39:08 +0000] "POST /listing/addListingImages/tadsu7cICDXnQZG6EpxbBVkCS6afh5 HTTP/1.1" 404 195 "-" "PostmanRuntime/7.32.1"
::ffff:127.0.0.1 - - [14/Jun/2024:12:39:33 +0000] "POST /listing/addListingImages/tadsu7cICDXnQZG6EpxbBVkCS6afh5 HTTP/1.1" 500 46 "-" "PostmanRuntime/7.32.1"
::1 - - [14/Jun/2024:12:40:07 +0000] "POST /listing/addListingImages/12345 HTTP/1.1" 500 1401 "-" "Mozilla/5.0 (Linux; Android 6.0; Nexus 5 Build/MRA58N) AppleWebKit/537.36 (KHTML, like Gecko) Chrome/126.0.0.0 Mobile Safari/537.36"
::1 - - [14/Jun/2024:12:41:21 +0000] "POST /listing/addListingImages/12345 HTTP/1.1" 500 1401 "-" "Mozilla/5.0 (Linux; Android 6.0; Nexus 5 Build/MRA58N) AppleWebKit/537.36 (KHTML, like Gecko) Chrome/126.0.0.0 Mobile Safari/537.36"
::1 - - [14/Jun/2024:12:41:49 +0000] "POST /listing/addListingImages/12345 HTTP/1.1" 500 1401 "-" "Mozilla/5.0 (Linux; Android 6.0; Nexus 5 Build/MRA58N) AppleWebKit/537.36 (KHTML, like Gecko) Chrome/126.0.0.0 Mobile Safari/537.36"
::1 - - [14/Jun/2024:12:42:13 +0000] "POST /listing/addListingImages/12345 HTTP/1.1" 500 1401 "-" "Mozilla/5.0 (Linux; Android 6.0; Nexus 5 Build/MRA58N) AppleWebKit/537.36 (KHTML, like Gecko) Chrome/126.0.0.0 Mobile Safari/537.36"
::1 - - [14/Jun/2024:12:43:22 +0000] "POST /listing/addListingImages/12345 HTTP/1.1" 500 1401 "-" "Mozilla/5.0 (Linux; Android 6.0; Nexus 5 Build/MRA58N) AppleWebKit/537.36 (KHTML, like Gecko) Chrome/126.0.0.0 Mobile Safari/537.36"
::1 - - [14/Jun/2024:12:43:54 +0000] "POST /listing/addListingImages/tadsu7cICDXnQZG6EpxbBVkCS6afh5 HTTP/1.1" 200 192 "-" "Mozilla/5.0 (Linux; Android 6.0; Nexus 5 Build/MRA58N) AppleWebKit/537.36 (KHTML, like Gecko) Chrome/126.0.0.0 Mobile Safari/537.36"
::1 - - [14/Jun/2024:12:50:21 +0000] "POST /listing/addListingImages/tadsu7cICDXnQZG6EpxbBVkCS6afh5 HTTP/1.1" 200 490 "-" "Mozilla/5.0 (Linux; Android 6.0; Nexus 5 Build/MRA58N) AppleWebKit/537.36 (KHTML, like Gecko) Chrome/126.0.0.0 Mobile Safari/537.36"
::ffff:127.0.0.1 - - [14/Jun/2024:12:52:33 +0000] "GET /listing/getListingById/tadsu7cICDXnQZG6EpxbBVkCS6afh5 HTTP/1.1" 200 1527 "-" "PostmanRuntime/7.32.1"
::1 - - [14/Jun/2024:12:54:55 +0000] "POST /listing/addListingImages/tadsu7cICDXnQZG6EpxbBVkCS6afh5 HTTP/1.1" 200 222 "-" "Mozilla/5.0 (Linux; Android 6.0; Nexus 5 Build/MRA58N) AppleWebKit/537.36 (KHTML, like Gecko) Chrome/126.0.0.0 Mobile Safari/537.36"
::1 - - [14/Jun/2024:12:59:19 +0000] "POST /listing/addListingImages/tadsu7cICDXnQZG6EpxbBVkCS6afh5 HTTP/1.1" 200 490 "-" "Mozilla/5.0 (Linux; Android 6.0; Nexus 5 Build/MRA58N) AppleWebKit/537.36 (KHTML, like Gecko) Chrome/126.0.0.0 Mobile Safari/537.36"
::ffff:127.0.0.1 - - [14/Jun/2024:12:59:25 +0000] "GET /listing/getListingById/LHccgFBH5rT93DkpK3KseBXbxAzHS7 HTTP/1.1" 200 1535 "-" "PostmanRuntime/7.32.1"
::1 - - [14/Jun/2024:13:00:53 +0000] "POST /listing/addListingImages/tadsu7cICDXnQZG6EpxbBVkCS6afh5 HTTP/1.1" 200 490 "-" "Mozilla/5.0 (Linux; Android 6.0; Nexus 5 Build/MRA58N) AppleWebKit/537.36 (KHTML, like Gecko) Chrome/126.0.0.0 Mobile Safari/537.36"
::ffff:127.0.0.1 - - [14/Jun/2024:13:01:31 +0000] "GET /listing/getListingById/tadsu7cICDXnQZG6EpxbBVkCS6afh5 HTTP/1.1" 200 1019 "-" "PostmanRuntime/7.32.1"
::1 - - [14/Jun/2024:13:01:46 +0000] "POST /listing/addListingImages/tadsu7cICDXnQZG6EpxbBVkCS6afh5 HTTP/1.1" 200 490 "-" "Mozilla/5.0 (Linux; Android 6.0; Nexus 5 Build/MRA58N) AppleWebKit/537.36 (KHTML, like Gecko) Chrome/126.0.0.0 Mobile Safari/537.36"
::ffff:127.0.0.1 - - [14/Jun/2024:13:01:49 +0000] "GET /listing/getListingById/tadsu7cICDXnQZG6EpxbBVkCS6afh5 HTTP/1.1" 200 1019 "-" "PostmanRuntime/7.32.1"
::1 - - [14/Jun/2024:13:02:10 +0000] "POST /listing/addListingImages/LHccgFBH5rT93DkpK3KseBXbxAzHS7 HTTP/1.1" 200 222 "-" "Mozilla/5.0 (Linux; Android 6.0; Nexus 5 Build/MRA58N) AppleWebKit/537.36 (KHTML, like Gecko) Chrome/126.0.0.0 Mobile Safari/537.36"
::ffff:127.0.0.1 - - [14/Jun/2024:13:02:54 +0000] "GET /listing/getListingById/LHccgFBH5rT93DkpK3KseBXbxAzHS7 HTTP/1.1" 200 1027 "-" "PostmanRuntime/7.32.1"
::1 - - [14/Jun/2024:13:04:40 +0000] "POST /listing/addListingImages/LHccgFBH5rT93DkpK3KseBXbxAzHS7 HTTP/1.1" 200 490 "-" "Mozilla/5.0 (Linux; Android 6.0; Nexus 5 Build/MRA58N) AppleWebKit/537.36 (KHTML, like Gecko) Chrome/126.0.0.0 Mobile Safari/537.36"
::ffff:127.0.0.1 - - [14/Jun/2024:13:04:48 +0000] "GET /listing/getListingById/LHccgFBH5rT93DkpK3KseBXbxAzHS7 HTTP/1.1" 200 1027 "-" "PostmanRuntime/7.32.1"
::ffff:127.0.0.1 - - [14/Jun/2024:13:04:58 +0000] "GET /listing/getListingById/LHccgFBH5rT93DkpK3KseBXbxAzHS7 HTTP/1.1" 200 1027 "-" "PostmanRuntime/7.32.1"
::1 - - [14/Jun/2024:13:11:53 +0000] "POST /listing/addListingImages/LHccgFBH5rT93DkpK3KseBXbxAzHS7 HTTP/1.1" 200 490 "-" "Mozilla/5.0 (Linux; Android 6.0; Nexus 5 Build/MRA58N) AppleWebKit/537.36 (KHTML, like Gecko) Chrome/126.0.0.0 Mobile Safari/537.36"
::ffff:127.0.0.1 - - [14/Jun/2024:13:11:58 +0000] "POST /listing/addListingImages/tadsu7cICDXnQZG6EpxbBVkCS6afh5 HTTP/1.1" 500 46 "-" "PostmanRuntime/7.32.1"
::ffff:127.0.0.1 - - [14/Jun/2024:13:12:07 +0000] "GET /listing/getListingById/LHccgFBH5rT93DkpK3KseBXbxAzHS7 HTTP/1.1" 200 1027 "-" "PostmanRuntime/7.32.1"
::1 - - [14/Jun/2024:13:12:50 +0000] "POST /listing/addListingImages/LHccgFBH5rT93DkpK3KseBXbxAzHS7 HTTP/1.1" 200 490 "-" "Mozilla/5.0 (Linux; Android 6.0; Nexus 5 Build/MRA58N) AppleWebKit/537.36 (KHTML, like Gecko) Chrome/126.0.0.0 Mobile Safari/537.36"
::1 - - [14/Jun/2024:13:13:54 +0000] "POST /listing/addListingImages/LHccgFBH5rT93DkpK3KseBXbxAzHS7 HTTP/1.1" 200 396 "-" "Mozilla/5.0 (Linux; Android 6.0; Nexus 5 Build/MRA58N) AppleWebKit/537.36 (KHTML, like Gecko) Chrome/126.0.0.0 Mobile Safari/537.36"
::1 - - [14/Jun/2024:13:15:15 +0000] "POST /listing/addListingImages/LHccgFBH5rT93DkpK3KseBXbxAzHS7 HTTP/1.1" 200 192 "-" "Mozilla/5.0 (Linux; Android 6.0; Nexus 5 Build/MRA58N) AppleWebKit/537.36 (KHTML, like Gecko) Chrome/126.0.0.0 Mobile Safari/537.36"
::ffff:127.0.0.1 - - [14/Jun/2024:13:15:20 +0000] "GET /listing/getListingById/LHccgFBH5rT93DkpK3KseBXbxAzHS7 HTTP/1.1" 200 1065 "-" "PostmanRuntime/7.32.1"
::1 - - [14/Jun/2024:13:27:08 +0000] "POST /listing/addListingImages/LHccgFBH5rT93DkpK3KseBXbxAzHS7 HTTP/1.1" 200 192 "-" "Mozilla/5.0 (Linux; Android 6.0; Nexus 5 Build/MRA58N) AppleWebKit/537.36 (KHTML, like Gecko) Chrome/126.0.0.0 Mobile Safari/537.36"
::ffff:127.0.0.1 - - [14/Jun/2024:13:27:13 +0000] "GET /listing/getListingById/LHccgFBH5rT93DkpK3KseBXbxAzHS7 HTTP/1.1" 200 1065 "-" "PostmanRuntime/7.32.1"
::1 - - [14/Jun/2024:13:28:57 +0000] "POST /listing/addListingImages/LHccgFBH5rT93DkpK3KseBXbxAzHS7 HTTP/1.1" 200 192 "-" "Mozilla/5.0 (Linux; Android 6.0; Nexus 5 Build/MRA58N) AppleWebKit/537.36 (KHTML, like Gecko) Chrome/126.0.0.0 Mobile Safari/537.36"
::ffff:127.0.0.1 - - [14/Jun/2024:13:29:02 +0000] "GET /listing/getListingById/LHccgFBH5rT93DkpK3KseBXbxAzHS7 HTTP/1.1" 200 1167 "-" "PostmanRuntime/7.32.1"
::1 - - [14/Jun/2024:13:29:09 +0000] "POST /listing/addListingImages/LHccgFBH5rT93DkpK3KseBXbxAzHS7 HTTP/1.1" 200 192 "-" "Mozilla/5.0 (Linux; Android 6.0; Nexus 5 Build/MRA58N) AppleWebKit/537.36 (KHTML, like Gecko) Chrome/126.0.0.0 Mobile Safari/537.36"
::ffff:127.0.0.1 - - [14/Jun/2024:13:29:13 +0000] "GET /listing/getListingById/LHccgFBH5rT93DkpK3KseBXbxAzHS7 HTTP/1.1" 200 1269 "-" "PostmanRuntime/7.32.1"
::ffff:127.0.0.1 - - [17/Jun/2024:08:57:12 +0000] "POST /auth/signup HTTP/1.1" 201 457 "-" "PostmanRuntime/7.32.1"
::ffff:127.0.0.1 - - [17/Jun/2024:08:57:33 +0000] "POST /auth/login HTTP/1.1" 200 434 "-" "PostmanRuntime/7.32.1"
::ffff:127.0.0.1 - - [17/Jun/2024:10:12:20 +0000] "POST /listing/addListing HTTP/1.1" 400 475 "-" "PostmanRuntime/7.32.1"
::ffff:127.0.0.1 - - [17/Jun/2024:10:16:29 +0000] "POST /listing/addListing HTTP/1.1" 500 102 "-" "PostmanRuntime/7.32.1"
::ffff:127.0.0.1 - - [17/Jun/2024:10:17:11 +0000] "POST /listing/addListing HTTP/1.1" 500 118 "-" "PostmanRuntime/7.32.1"
::ffff:127.0.0.1 - - [17/Jun/2024:10:17:55 +0000] "POST /listing/addListing HTTP/1.1" 500 44 "-" "PostmanRuntime/7.32.1"
::ffff:127.0.0.1 - - [17/Jun/2024:10:18:17 +0000] "POST /listing/addListing HTTP/1.1" 500 118 "-" "PostmanRuntime/7.32.1"
::ffff:127.0.0.1 - - [17/Jun/2024:10:19:36 +0000] "POST /listing/addListing HTTP/1.1" 400 475 "-" "PostmanRuntime/7.32.1"
::ffff:127.0.0.1 - - [17/Jun/2024:10:20:10 +0000] "POST /listing/addListing HTTP/1.1" 500 118 "-" "PostmanRuntime/7.32.1"
::ffff:127.0.0.1 - - [17/Jun/2024:10:20:26 +0000] "POST /listing/addListing HTTP/1.1" 500 118 "-" "PostmanRuntime/7.32.1"
::ffff:127.0.0.1 - - [17/Jun/2024:10:24:32 +0000] "POST /auth/login HTTP/1.1" 200 467 "-" "PostmanRuntime/7.32.1"
::ffff:127.0.0.1 - - [17/Jun/2024:10:24:55 +0000] "POST /listing/addListing HTTP/1.1" 201 79 "-" "PostmanRuntime/7.32.1"
::ffff:127.0.0.1 - - [17/Jun/2024:10:29:02 +0000] "GET /listing/getListingById/66700ef7f751e2321d40bac0 HTTP/1.1" 200 1213 "-" "PostmanRuntime/7.32.1"
::ffff:127.0.0.1 - - [17/Jun/2024:10:29:14 +0000] "PUT /listing/updateListing/ptUJQDazllaewDUdw5wuhDvTsduMqJ HTTP/1.1" 400 134 "-" "PostmanRuntime/7.32.1"
::ffff:127.0.0.1 - - [17/Jun/2024:10:31:53 +0000] "PUT /listing/updateListing/ptUJQDazllaewDUdw5wuhDvTsduMqJ HTTP/1.1" 400 88 "-" "PostmanRuntime/7.32.1"
::ffff:127.0.0.1 - - [17/Jun/2024:10:35:19 +0000] "PUT /listing/updateListing/66700ef7f751e2321d40bac0 HTTP/1.1" 200 42 "-" "PostmanRuntime/7.32.1"
::ffff:127.0.0.1 - - [17/Jun/2024:10:35:58 +0000] "GET /listing/getListings/1 HTTP/1.1" 200 13609 "-" "PostmanRuntime/7.32.1"
::ffff:127.0.0.1 - - [17/Jun/2024:10:36:43 +0000] "GET /listing/getListings/3 HTTP/1.1" 200 34 "-" "PostmanRuntime/7.32.1"
::ffff:127.0.0.1 - - [17/Jun/2024:10:36:52 +0000] "GET /listing/getListings/2 HTTP/1.1" 200 34 "-" "PostmanRuntime/7.32.1"
::ffff:127.0.0.1 - - [17/Jun/2024:10:37:12 +0000] "GET /listing/getListings/1 HTTP/1.1" 200 5483 "-" "PostmanRuntime/7.32.1"
::ffff:127.0.0.1 - - [17/Jun/2024:10:37:27 +0000] "GET /listing/getListings/2 HTTP/1.1" 200 5704 "-" "PostmanRuntime/7.32.1"
::ffff:127.0.0.1 - - [17/Jun/2024:10:37:35 +0000] "GET /listing/getListings/3 HTTP/1.1" 200 2486 "-" "PostmanRuntime/7.32.1"
::ffff:127.0.0.1 - - [17/Jun/2024:10:39:58 +0000] "GET /listing/getListingById/66700ef7f751e2321d40bac0 HTTP/1.1" 200 1186 "-" "PostmanRuntime/7.32.1"
::ffff:127.0.0.1 - - [17/Jun/2024:10:40:48 +0000] "DELETE /listing/deleteListingById/66700ef7f751e2321d40bac0 HTTP/1.1" 200 42 "-" "PostmanRuntime/7.32.1"
::ffff:127.0.0.1 - - [17/Jun/2024:11:32:38 +0000] "GET /listing/searchListings?location=abule%20egba&priceRange&salesType&monthlyPaymentRange&bedRoom&bathRoom HTTP/1.1" 200 2 "-" "PostmanRuntime/7.32.1"
::ffff:127.0.0.1 - - [17/Jun/2024:11:32:46 +0000] "GET /listing/searchListings?location=abule%20egba%20ikeja&priceRange&salesType&monthlyPaymentRange&bedRoom&bathRoom HTTP/1.1" 200 2 "-" "PostmanRuntime/7.32.1"
::ffff:127.0.0.1 - - [17/Jun/2024:11:33:01 +0000] "GET /listing/searchListings?location&priceRange=0-100000000&salesType&monthlyPaymentRange&bedRoom&bathRoom HTTP/1.1" 200 10819 "-" "PostmanRuntime/7.32.1"
::ffff:127.0.0.1 - - [17/Jun/2024:11:33:31 +0000] "GET /listing/searchListings?location=lekki&priceRange&salesType&monthlyPaymentRange&bedRoom&bathRoom HTTP/1.1" 200 1254 "-" "PostmanRuntime/7.32.1"
::ffff:127.0.0.1 - - [17/Jun/2024:11:57:44 +0000] "POST /hotels HTTP/1.1" 401 31 "-" "PostmanRuntime/7.32.1"
::ffff:127.0.0.1 - - [17/Jun/2024:11:58:07 +0000] "POST /hotels HTTP/1.1" 201 1992 "-" "PostmanRuntime/7.32.1"
::ffff:127.0.0.1 - - [17/Jun/2024:12:04:33 +0000] "GET /hotels/1 HTTP/1.1" 200 1991 "-" "PostmanRuntime/7.32.1"
::ffff:127.0.0.1 - - [17/Jun/2024:12:06:30 +0000] "GET /hotels/getAll/:sectionNo HTTP/1.1" 200 2000 "-" "PostmanRuntime/7.32.1"
::ffff:127.0.0.1 - - [17/Jun/2024:12:07:32 +0000] "GET /hotels/667024ceddc9c1d94be23871 HTTP/1.1" 200 1945 "-" "PostmanRuntime/7.32.1"
::ffff:127.0.0.1 - - [17/Jun/2024:12:14:25 +0000] "PUT /hotels/667024ceddc9c1d94be23871 HTTP/1.1" 403 26 "-" "PostmanRuntime/7.32.1"
::ffff:127.0.0.1 - - [17/Jun/2024:12:14:55 +0000] "PUT /hotels/667024ceddc9c1d94be23871 HTTP/1.1" 403 26 "-" "PostmanRuntime/7.32.1"
::ffff:127.0.0.1 - - [17/Jun/2024:12:15:14 +0000] "PUT /hotels/667024ceddc9c1d94be23871 HTTP/1.1" 403 26 "-" "PostmanRuntime/7.32.1"
::ffff:127.0.0.1 - - [17/Jun/2024:12:16:29 +0000] "PUT /hotels/667024ceddc9c1d94be23871 HTTP/1.1" 200 1251 "-" "PostmanRuntime/7.32.1"
::ffff:127.0.0.1 - - [17/Jun/2024:12:17:18 +0000] "GET /hotels/667024ceddc9c1d94be23871 HTTP/1.1" 200 1202 "-" "PostmanRuntime/7.32.1"
::ffff:127.0.0.1 - - [17/Jun/2024:12:22:19 +0000] "DELETE /hotels/667024ceddc9c1d94be23871 HTTP/1.1" 200 40 "-" "PostmanRuntime/7.32.1"
::1 - - [17/Jun/2024:12:43:01 +0000] "POST /listing/addListingImages/LHccgFBH5rT93DkpK3KseBXbxAzHS7 HTTP/1.1" 200 294 "-" "Mozilla/5.0 (Linux; Android 6.0; Nexus 5 Build/MRA58N) AppleWebKit/537.36 (KHTML, like Gecko) Chrome/126.0.0.0 Mobile Safari/537.36"
::1 - - [17/Jun/2024:12:45:01 +0000] "POST /listing/addListingImages/LHccgFBH5rT93DkpK3KseBXbxAzHS7 HTTP/1.1" 200 192 "-" "Mozilla/5.0 (Linux; Android 6.0; Nexus 5 Build/MRA58N) AppleWebKit/537.36 (KHTML, like Gecko) Chrome/126.0.0.0 Mobile Safari/537.36"
::ffff:127.0.0.1 - - [17/Jun/2024:12:48:34 +0000] "GET /hotels/667024ceddc9c1d94be23871 HTTP/1.1" 404 29 "-" "PostmanRuntime/7.32.1"
::1 - - [17/Jun/2024:12:55:10 +0000] "POST /listing/addListingImages/LHccgFBH5rT93DkpK3KseBXbxAzHS7 HTTP/1.1" 200 192 "-" "Mozilla/5.0 (Linux; Android 6.0; Nexus 5 Build/MRA58N) AppleWebKit/537.36 (KHTML, like Gecko) Chrome/126.0.0.0 Mobile Safari/537.36"
::1 - - [17/Jun/2024:12:55:46 +0000] "POST /listing/addListingImages/LHccgFBH5rT93DkpK3KseBXbxAzHS7 HTTP/1.1" 200 192 "-" "Mozilla/5.0 (Linux; Android 6.0; Nexus 5 Build/MRA58N) AppleWebKit/537.36 (KHTML, like Gecko) Chrome/126.0.0.0 Mobile Safari/537.36"
::1 - - [17/Jun/2024:12:58:20 +0000] "POST /listing/addListingImages/LHccgFBH5rT93DkpK3KseBXbxAzHS7 HTTP/1.1" 200 192 "-" "Mozilla/5.0 (Linux; Android 6.0; Nexus 5 Build/MRA58N) AppleWebKit/537.36 (KHTML, like Gecko) Chrome/126.0.0.0 Mobile Safari/537.36"
::1 - - [17/Jun/2024:13:01:55 +0000] "POST /hotels/addImages/667024ceddc9c1d94be23871 HTTP/1.1" 404 181 "-" "Mozilla/5.0 (Linux; Android 6.0; Nexus 5 Build/MRA58N) AppleWebKit/537.36 (KHTML, like Gecko) Chrome/126.0.0.0 Mobile Safari/537.36"
::ffff:127.0.0.1 - - [17/Jun/2024:13:03:22 +0000] "POST /hotels HTTP/1.1" 201 1992 "-" "PostmanRuntime/7.32.1"
::1 - - [17/Jun/2024:13:04:04 +0000] "POST /hotels/addImages/667034199b4e7d011d1b67c9 HTTP/1.1" 404 181 "-" "Mozilla/5.0 (Linux; Android 6.0; Nexus 5 Build/MRA58N) AppleWebKit/537.36 (KHTML, like Gecko) Chrome/126.0.0.0 Mobile Safari/537.36"
::1 - - [17/Jun/2024:13:04:45 +0000] "POST /hotels/addImages/667034199b4e7d011d1b67c9 HTTP/1.1" 404 181 "-" "Mozilla/5.0 (Linux; Android 6.0; Nexus 5 Build/MRA58N) AppleWebKit/537.36 (KHTML, like Gecko) Chrome/126.0.0.0 Mobile Safari/537.36"
::1 - - [17/Jun/2024:13:04:59 +0000] "POST /hotels/addImages/667034199b4e7d011d1b67c9 HTTP/1.1" 404 181 "-" "Mozilla/5.0 (Linux; Android 6.0; Nexus 5 Build/MRA58N) AppleWebKit/537.36 (KHTML, like Gecko) Chrome/126.0.0.0 Mobile Safari/537.36"
::1 - - [17/Jun/2024:13:05:33 +0000] "POST /hotels/addImages/667034199b4e7d011d1b67c9 HTTP/1.1" 404 181 "-" "Mozilla/5.0 (Linux; Android 6.0; Nexus 5 Build/MRA58N) AppleWebKit/537.36 (KHTML, like Gecko) Chrome/126.0.0.0 Mobile Safari/537.36"
::1 - - [17/Jun/2024:13:13:55 +0000] "POST /hotels/addImages/667034199b4e7d011d1b67c9 HTTP/1.1" 404 181 "-" "Mozilla/5.0 (Linux; Android 6.0; Nexus 5 Build/MRA58N) AppleWebKit/537.36 (KHTML, like Gecko) Chrome/126.0.0.0 Mobile Safari/537.36"
::1 - - [17/Jun/2024:13:16:08 +0000] "POST /hotels/addImages/667034199b4e7d011d1b67c9 HTTP/1.1" 404 181 "-" "Mozilla/5.0 (Linux; Android 6.0; Nexus 5 Build/MRA58N) AppleWebKit/537.36 (KHTML, like Gecko) Chrome/126.0.0.0 Mobile Safari/537.36"
::1 - - [17/Jun/2024:13:16:21 +0000] "PUT /hotels/addImages/667034199b4e7d011d1b67c9 HTTP/1.1" 404 180 "-" "Mozilla/5.0 (Linux; Android 6.0; Nexus 5 Build/MRA58N) AppleWebKit/537.36 (KHTML, like Gecko) Chrome/126.0.0.0 Mobile Safari/537.36"
::1 - - [17/Jun/2024:13:17:17 +0000] "PUT /hotels/addImages/667034199b4e7d011d1b67c9 HTTP/1.1" 404 29 "-" "Mozilla/5.0 (Linux; Android 6.0; Nexus 5 Build/MRA58N) AppleWebKit/537.36 (KHTML, like Gecko) Chrome/126.0.0.0 Mobile Safari/537.36"
::1 - - [17/Jun/2024:13:17:28 +0000] "PUT /hotels/addImages/667034199b4e7d011d1b67c9 HTTP/1.1" 404 29 "-" "Mozilla/5.0 (Linux; Android 6.0; Nexus 5 Build/MRA58N) AppleWebKit/537.36 (KHTML, like Gecko) Chrome/126.0.0.0 Mobile Safari/537.36"
::1 - - [17/Jun/2024:13:18:40 +0000] "PUT /hotels/addImages/667034199b4e7d011d1b67c9 HTTP/1.1" 500 46 "-" "Mozilla/5.0 (Linux; Android 6.0; Nexus 5 Build/MRA58N) AppleWebKit/537.36 (KHTML, like Gecko) Chrome/126.0.0.0 Mobile Safari/537.36"
::1 - - [17/Jun/2024:13:18:50 +0000] "PUT /hotels/addImages/667034199b4e7d011d1b67c9 HTTP/1.1" 404 29 "-" "Mozilla/5.0 (Linux; Android 6.0; Nexus 5 Build/MRA58N) AppleWebKit/537.36 (KHTML, like Gecko) Chrome/126.0.0.0 Mobile Safari/537.36"
::1 - - [17/Jun/2024:13:19:57 +0000] "PUT /hotels/addImages/667034199b4e7d011d1b67c9 HTTP/1.1" 404 29 "-" "Mozilla/5.0 (Linux; Android 6.0; Nexus 5 Build/MRA58N) AppleWebKit/537.36 (KHTML, like Gecko) Chrome/126.0.0.0 Mobile Safari/537.36"
::1 - - [17/Jun/2024:13:22:19 +0000] "PUT /hotels/addImages/667034199b4e7d011d1b67c9 HTTP/1.1" 404 29 "-" "Mozilla/5.0 (Linux; Android 6.0; Nexus 5 Build/MRA58N) AppleWebKit/537.36 (KHTML, like Gecko) Chrome/126.0.0.0 Mobile Safari/537.36"
::1 - - [17/Jun/2024:13:29:54 +0000] "PUT /hotels/addImages/667034199b4e7d011d1b67c9 HTTP/1.1" 404 29 "-" "Mozilla/5.0 (Linux; Android 6.0; Nexus 5 Build/MRA58N) AppleWebKit/537.36 (KHTML, like Gecko) Chrome/126.0.0.0 Mobile Safari/537.36"
::ffff:127.0.0.1 - - [17/Jun/2024:13:33:20 +0000] "POST /hotels HTTP/1.1" 201 1992 "-" "PostmanRuntime/7.32.1"
::1 - - [17/Jun/2024:13:34:16 +0000] "PUT /hotels/addImages/66703b1f0eb487c8b0436eb4 HTTP/1.1" 500 46 "-" "Mozilla/5.0 (Linux; Android 6.0; Nexus 5 Build/MRA58N) AppleWebKit/537.36 (KHTML, like Gecko) Chrome/126.0.0.0 Mobile Safari/537.36"
::1 - - [17/Jun/2024:13:36:06 +0000] "PUT /hotels/addImages/66703b1f0eb487c8b0436eb4 HTTP/1.1" 200 2104 "-" "Mozilla/5.0 (Linux; Android 6.0; Nexus 5 Build/MRA58N) AppleWebKit/537.36 (KHTML, like Gecko) Chrome/126.0.0.0 Mobile Safari/537.36"
::1 - - [17/Jun/2024:14:15:00 +0000] "PUT /hotels/addRoomImages/66703b1f0eb487c8b0436eb4/66703b1f0eb487c8b0436eb6 HTTP/1.1" 200 2408 "-" "Mozilla/5.0 (Linux; Android 6.0; Nexus 5 Build/MRA58N) AppleWebKit/537.36 (KHTML, like Gecko) Chrome/126.0.0.0 Mobile Safari/537.36"
::ffff:127.0.0.1 - - [17/Jun/2024:14:15:22 +0000] "GET /hotels/66703b1f0eb487c8b0436eb4 HTTP/1.1" 200 2353 "-" "PostmanRuntime/7.32.1"
::ffff:127.0.0.1 - - [19/Jun/2024:10:44:59 +0000] "DELETE /clear-users HTTP/1.1" 500 64 "-" "PostmanRuntime/7.32.1"
::ffff:127.0.0.1 - - [19/Jun/2024:10:45:20 +0000] "DELETE /clear-users HTTP/1.1" 200 42 "-" "PostmanRuntime/7.32.1"
::ffff:127.0.0.1 - - [19/Jun/2024:11:07:44 +0000] "DELETE /clear-listings HTTP/1.1" 200 45 "-" "PostmanRuntime/7.32.1"
::ffff:127.0.0.1 - - [19/Jun/2024:11:08:00 +0000] "POST /auth/signup HTTP/1.1" 201 476 "-" "PostmanRuntime/7.32.1"
::ffff:127.0.0.1 - - [19/Jun/2024:11:09:11 +0000] "POST /listing/addListing HTTP/1.1" 201 79 "-" "PostmanRuntime/7.32.1"
::ffff:127.0.0.1 - - [19/Jun/2024:11:09:55 +0000] "GET /listing/getListingById/6672bc56d625bee7b506860f HTTP/1.1" 200 1213 "-" "PostmanRuntime/7.32.1"
::ffff:127.0.0.1 - - [19/Jun/2024:11:14:14 +0000] "POST /listing/addListing HTTP/1.1" 201 79 "-" "PostmanRuntime/7.32.1"
::ffff:127.0.0.1 - - [19/Jun/2024:11:15:16 +0000] "POST /listing/addListing HTTP/1.1" 201 79 "-" "PostmanRuntime/7.32.1"
::ffff:127.0.0.1 - - [19/Jun/2024:11:15:54 +0000] "POST /listing/addListing HTTP/1.1" 201 79 "-" "PostmanRuntime/7.32.1"
::ffff:127.0.0.1 - - [19/Jun/2024:11:16:07 +0000] "POST /listing/addListing HTTP/1.1" 201 79 "-" "PostmanRuntime/7.32.1"
::ffff:127.0.0.1 - - [19/Jun/2024:11:17:41 +0000] "POST /listing/addListing HTTP/1.1" 201 79 "-" "PostmanRuntime/7.32.1"
::ffff:127.0.0.1 - - [19/Jun/2024:11:18:23 +0000] "POST /listing/addListing HTTP/1.1" 201 79 "-" "PostmanRuntime/7.32.1"
::ffff:127.0.0.1 - - [19/Jun/2024:11:20:00 +0000] "POST /listing/addListing HTTP/1.1" 201 79 "-" "PostmanRuntime/7.32.1"
::1 - - [19/Jun/2024:11:28:57 +0000] "PUT /hotels/addListingImages/6672bc56d625bee7b506860f HTTP/1.1" 404 187 "-" "Mozilla/5.0 (Windows NT 10.0; Win64; x64) AppleWebKit/537.36 (KHTML, like Gecko) Chrome/126.0.0.0 Safari/537.36"
::1 - - [19/Jun/2024:11:29:35 +0000] "PUT /listings/addListingImages/6672bc56d625bee7b506860f HTTP/1.1" 404 189 "-" "Mozilla/5.0 (Windows NT 10.0; Win64; x64) AppleWebKit/537.36 (KHTML, like Gecko) Chrome/126.0.0.0 Safari/537.36"
::1 - - [19/Jun/2024:11:30:05 +0000] "PUT /listing/addListingImages/6672bc56d625bee7b506860f HTTP/1.1" 404 188 "-" "Mozilla/5.0 (Windows NT 10.0; Win64; x64) AppleWebKit/537.36 (KHTML, like Gecko) Chrome/126.0.0.0 Safari/537.36"
::1 - - [19/Jun/2024:11:31:04 +0000] "PUT /listing/addListingImages/6672bc56d625bee7b506860f HTTP/1.1" 200 186 "-" "Mozilla/5.0 (Windows NT 10.0; Win64; x64) AppleWebKit/537.36 (KHTML, like Gecko) Chrome/126.0.0.0 Safari/537.36"
::1 - - [19/Jun/2024:11:31:30 +0000] "PUT /listing/addListingImages/6672bc56d625bee7b506860f HTTP/1.1" 200 186 "-" "Mozilla/5.0 (Windows NT 10.0; Win64; x64) AppleWebKit/537.36 (KHTML, like Gecko) Chrome/126.0.0.0 Safari/537.36"
::1 - - [19/Jun/2024:11:38:17 +0000] "PUT /listing/addListingImages/6672bd85d625bee7b5068613 HTTP/1.1" 200 186 "-" "Mozilla/5.0 (Windows NT 10.0; Win64; x64) AppleWebKit/537.36 (KHTML, like Gecko) Chrome/126.0.0.0 Safari/537.36"
::1 - - [19/Jun/2024:11:38:21 +0000] "PUT /listing/addListingImages/6672bd85d625bee7b5068613 HTTP/1.1" 200 186 "-" "Mozilla/5.0 (Windows NT 10.0; Win64; x64) AppleWebKit/537.36 (KHTML, like Gecko) Chrome/126.0.0.0 Safari/537.36"
::1 - - [19/Jun/2024:11:38:26 +0000] "PUT /listing/addListingImages/6672bd85d625bee7b5068613 HTTP/1.1" 200 186 "-" "Mozilla/5.0 (Windows NT 10.0; Win64; x64) AppleWebKit/537.36 (KHTML, like Gecko) Chrome/126.0.0.0 Safari/537.36"
::1 - - [19/Jun/2024:11:38:29 +0000] "PUT /listing/addListingImages/6672bd85d625bee7b5068613 HTTP/1.1" 200 186 "-" "Mozilla/5.0 (Windows NT 10.0; Win64; x64) AppleWebKit/537.36 (KHTML, like Gecko) Chrome/126.0.0.0 Safari/537.36"
::1 - - [19/Jun/2024:11:38:32 +0000] "PUT /listing/addListingImages/6672bd85d625bee7b5068613 HTTP/1.1" 200 186 "-" "Mozilla/5.0 (Windows NT 10.0; Win64; x64) AppleWebKit/537.36 (KHTML, like Gecko) Chrome/126.0.0.0 Safari/537.36"
::1 - - [19/Jun/2024:11:38:33 +0000] "PUT /listing/addListingImages/6672bd85d625bee7b5068613 HTTP/1.1" 200 186 "-" "Mozilla/5.0 (Windows NT 10.0; Win64; x64) AppleWebKit/537.36 (KHTML, like Gecko) Chrome/126.0.0.0 Safari/537.36"
::1 - - [19/Jun/2024:11:38:49 +0000] "PUT /listing/addListingImages/6672bd85d625bee7b5068613 HTTP/1.1" 200 186 "-" "Mozilla/5.0 (Windows NT 10.0; Win64; x64) AppleWebKit/537.36 (KHTML, like Gecko) Chrome/126.0.0.0 Safari/537.36"
::1 - - [19/Jun/2024:11:40:17 +0000] "PUT /listing/addListingImages/6672bd85d625bee7b5068613 HTTP/1.1" 200 186 "-" "Mozilla/5.0 (Windows NT 10.0; Win64; x64) AppleWebKit/537.36 (KHTML, like Gecko) Chrome/126.0.0.0 Safari/537.36"
::1 - - [19/Jun/2024:11:40:25 +0000] "PUT /listing/addListingImages/6672bc56d625bee7b506860f HTTP/1.1" 200 186 "-" "Mozilla/5.0 (Windows NT 10.0; Win64; x64) AppleWebKit/537.36 (KHTML, like Gecko) Chrome/126.0.0.0 Safari/537.36"
::1 - - [19/Jun/2024:11:40:31 +0000] "PUT /listing/addListingImages/6672bde9d625bee7b5068619 HTTP/1.1" 200 186 "-" "Mozilla/5.0 (Windows NT 10.0; Win64; x64) AppleWebKit/537.36 (KHTML, like Gecko) Chrome/126.0.0.0 Safari/537.36"
::1 - - [19/Jun/2024:11:40:33 +0000] "PUT /listing/addListingImages/6672bdc3d625bee7b5068616 HTTP/1.1" 200 186 "-" "Mozilla/5.0 (Windows NT 10.0; Win64; x64) AppleWebKit/537.36 (KHTML, like Gecko) Chrome/126.0.0.0 Safari/537.36"
::1 - - [19/Jun/2024:11:40:33 +0000] "PUT /listing/addListingImages/6672bee04c671db6fefd490e HTTP/1.1" 200 186 "-" "Mozilla/5.0 (Windows NT 10.0; Win64; x64) AppleWebKit/537.36 (KHTML, like Gecko) Chrome/126.0.0.0 Safari/537.36"
::1 - - [19/Jun/2024:11:40:33 +0000] "PUT /listing/addListingImages/6672bdf6d625bee7b506861c HTTP/1.1" 200 186 "-" "Mozilla/5.0 (Windows NT 10.0; Win64; x64) AppleWebKit/537.36 (KHTML, like Gecko) Chrome/126.0.0.0 Safari/537.36"
::1 - - [19/Jun/2024:11:40:36 +0000] "PUT /listing/addListingImages/6672be7ed625bee7b5068622 HTTP/1.1" 200 186 "-" "Mozilla/5.0 (Windows NT 10.0; Win64; x64) AppleWebKit/537.36 (KHTML, like Gecko) Chrome/126.0.0.0 Safari/537.36"
::1 - - [19/Jun/2024:11:40:56 +0000] "PUT /listing/addListingImages/6672bdc3d625bee7b5068616 HTTP/1.1" 200 186 "-" "Mozilla/5.0 (Windows NT 10.0; Win64; x64) AppleWebKit/537.36 (KHTML, like Gecko) Chrome/126.0.0.0 Safari/537.36"
::1 - - [19/Jun/2024:11:40:58 +0000] "PUT /listing/addListingImages/6672bde9d625bee7b5068619 HTTP/1.1" 200 186 "-" "Mozilla/5.0 (Windows NT 10.0; Win64; x64) AppleWebKit/537.36 (KHTML, like Gecko) Chrome/126.0.0.0 Safari/537.36"
::1 - - [19/Jun/2024:11:41:12 +0000] "PUT /listing/addListingImages/6672bd85d625bee7b5068613 HTTP/1.1" 200 186 "-" "Mozilla/5.0 (Windows NT 10.0; Win64; x64) AppleWebKit/537.36 (KHTML, like Gecko) Chrome/126.0.0.0 Safari/537.36"
::1 - - [19/Jun/2024:11:41:16 +0000] "PUT /listing/addListingImages/6672bc56d625bee7b506860f HTTP/1.1" 200 186 "-" "Mozilla/5.0 (Windows NT 10.0; Win64; x64) AppleWebKit/537.36 (KHTML, like Gecko) Chrome/126.0.0.0 Safari/537.36"
::1 - - [19/Jun/2024:11:41:17 +0000] "PUT /listing/addListingImages/6672bdf6d625bee7b506861c HTTP/1.1" 200 186 "-" "Mozilla/5.0 (Windows NT 10.0; Win64; x64) AppleWebKit/537.36 (KHTML, like Gecko) Chrome/126.0.0.0 Safari/537.36"
::1 - - [19/Jun/2024:11:41:20 +0000] "PUT /listing/addListingImages/6672be7ed625bee7b5068622 HTTP/1.1" 200 186 "-" "Mozilla/5.0 (Windows NT 10.0; Win64; x64) AppleWebKit/537.36 (KHTML, like Gecko) Chrome/126.0.0.0 Safari/537.36"
::1 - - [19/Jun/2024:11:41:24 +0000] "PUT /listing/addListingImages/6672bee04c671db6fefd490e HTTP/1.1" 200 186 "-" "Mozilla/5.0 (Windows NT 10.0; Win64; x64) AppleWebKit/537.36 (KHTML, like Gecko) Chrome/126.0.0.0 Safari/537.36"
::1 - - [19/Jun/2024:12:03:51 +0000] "GET /listing/searchListings?salesType=featured HTTP/1.1" 200 11529 "http://localhost:3000/" "Mozilla/5.0 (Windows NT 10.0; Win64; x64) AppleWebKit/537.36 (KHTML, like Gecko) Chrome/126.0.0.0 Safari/537.36"
::1 - - [19/Jun/2024:12:04:05 +0000] "GET /listing/searchListings?salesType=featured&bedRooms=3 HTTP/1.1" 200 11529 "http://localhost:3000/" "Mozilla/5.0 (Windows NT 10.0; Win64; x64) AppleWebKit/537.36 (KHTML, like Gecko) Chrome/126.0.0.0 Safari/537.36"
::1 - - [19/Jun/2024:12:04:20 +0000] "GET /listing/searchListings?salesType=featured&bedRooms=4 HTTP/1.1" 200 11529 "http://localhost:3000/" "Mozilla/5.0 (Windows NT 10.0; Win64; x64) AppleWebKit/537.36 (KHTML, like Gecko) Chrome/126.0.0.0 Safari/537.36"
::1 - - [19/Jun/2024:12:05:57 +0000] "GET /listing/searchListings?salesType=rent&bedRooms=1 HTTP/1.1" 200 11529 "http://localhost:3000/" "Mozilla/5.0 (Windows NT 10.0; Win64; x64) AppleWebKit/537.36 (KHTML, like Gecko) Chrome/126.0.0.0 Safari/537.36"
::1 - - [19/Jun/2024:12:06:19 +0000] "GET /listing/searchListings?salesType=featured HTTP/1.1" 304 - "http://localhost:3000/" "Mozilla/5.0 (Windows NT 10.0; Win64; x64) AppleWebKit/537.36 (KHTML, like Gecko) Chrome/126.0.0.0 Safari/537.36"
::ffff:127.0.0.1 - - [19/Jun/2024:12:07:42 +0000] "GET /listing/searchListings?location&priceRange&salesType&monthlyPaymentRange&bedRoom&bathRoom HTTP/1.1" 200 11529 "-" "PostmanRuntime/7.32.1"
::ffff:127.0.0.1 - - [19/Jun/2024:12:07:58 +0000] "GET /listing/searchListings?location=lekki&priceRange&salesType&monthlyPaymentRange&bedRoom&bathRoom HTTP/1.1" 200 1606 "-" "PostmanRuntime/7.32.1"
::ffff:127.0.0.1 - - [19/Jun/2024:12:08:40 +0000] "GET /listing/searchListings?location=lekki&priceRange=0-100000&salesType&monthlyPaymentRange&bedRoom&bathRoom HTTP/1.1" 200 2 "-" "PostmanRuntime/7.32.1"
::ffff:127.0.0.1 - - [19/Jun/2024:12:08:46 +0000] "GET /listing/searchListings?location=lekki&priceRange=0-1000000&salesType&monthlyPaymentRange&bedRoom&bathRoom HTTP/1.1" 200 2 "-" "PostmanRuntime/7.32.1"
::ffff:127.0.0.1 - - [19/Jun/2024:12:08:58 +0000] "GET /listing/searchListings?location=lekki&priceRange=0-9000000&salesType&monthlyPaymentRange&bedRoom&bathRoom HTTP/1.1" 200 2 "-" "PostmanRuntime/7.32.1"
::ffff:127.0.0.1 - - [19/Jun/2024:12:09:10 +0000] "GET /listing/searchListings?location=lekki&priceRange=0-30000000&salesType&monthlyPaymentRange&bedRoom&bathRoom HTTP/1.1" 200 2 "-" "PostmanRuntime/7.32.1"
::ffff:127.0.0.1 - - [19/Jun/2024:12:09:14 +0000] "GET /listing/searchListings?location=lekki&priceRange=0-300000000&salesType&monthlyPaymentRange&bedRoom&bathRoom HTTP/1.1" 200 1606 "-" "PostmanRuntime/7.32.1"
::ffff:127.0.0.1 - - [19/Jun/2024:12:10:03 +0000] "GET /listing/searchListings?location=lekki&priceRange=0-300000000&salesType=rent&monthlyPaymentRange&bedRoom&bathRoom HTTP/1.1" 200 1606 "-" "PostmanRuntime/7.32.1"
::ffff:127.0.0.1 - - [19/Jun/2024:12:10:10 +0000] "GET /listing/searchListings?location=lekki&priceRange&salesType=rent&monthlyPaymentRange&bedRoom&bathRoom HTTP/1.1" 200 1606 "-" "PostmanRuntime/7.32.1"
::ffff:127.0.0.1 - - [19/Jun/2024:12:10:29 +0000] "GET /listing/searchListings?location=lekki&priceRange&saleType=rent&monthlyPaymentRange&bedRoom&bathRoom HTTP/1.1" 200 2 "-" "PostmanRuntime/7.32.1"
::ffff:127.0.0.1 - - [19/Jun/2024:12:10:37 +0000] "GET /listing/searchListings?location&priceRange&saleType=rent&monthlyPaymentRange&bedRoom&bathRoom HTTP/1.1" 200 3829 "-" "PostmanRuntime/7.32.1"
::ffff:127.0.0.1 - - [19/Jun/2024:15:51:30 +0000] "POST /auth/signup HTTP/1.1" 201 487 "-" "PostmanRuntime/7.32.1"
::1 - - [19/Jun/2024:15:51:57 +0000] "GET /auth/verify-email/6672fe81c3acc4ab78e3c097 HTTP/1.1" 302 86 "-" "Mozilla/5.0 (Windows NT 10.0; Win64; x64) AppleWebKit/537.36 (KHTML, like Gecko) Chrome/126.0.0.0 Safari/537.36"
::ffff:127.0.0.1 - - [19/Jun/2024:15:53:06 +0000] "POST /auth/login HTTP/1.1" 200 465 "-" "PostmanRuntime/7.32.1"
::1 - - [19/Jun/2024:16:00:33 +0000] "POST /transactions/create-transaction HTTP/1.1" 201 394 "http://localhost:5173/" "Mozilla/5.0 (Windows NT 10.0; Win64; x64) AppleWebKit/537.36 (KHTML, like Gecko) Chrome/126.0.0.0 Safari/537.36"
::1 - - [19/Jun/2024:16:31:45 +0000] "POST /transactions/initialize-payment HTTP/1.1" 200 435 "http://localhost:5173/" "Mozilla/5.0 (Windows NT 10.0; Win64; x64) AppleWebKit/537.36 (KHTML, like Gecko) Chrome/126.0.0.0 Safari/537.36"
::1 - - [19/Jun/2024:16:33:03 +0000] "POST /transactions/initialize-payment HTTP/1.1" 200 435 "http://localhost:5173/" "Mozilla/5.0 (Windows NT 10.0; Win64; x64) AppleWebKit/537.36 (KHTML, like Gecko) Chrome/126.0.0.0 Safari/537.36"
::1 - - [19/Jun/2024:16:36:07 +0000] "POST /transactions/create-transaction HTTP/1.1" 201 454 "http://localhost:5173/" "Mozilla/5.0 (Windows NT 10.0; Win64; x64) AppleWebKit/537.36 (KHTML, like Gecko) Chrome/126.0.0.0 Safari/537.36"
::1 - - [19/Jun/2024:16:37:48 +0000] "POST /transactions/initialize-payment HTTP/1.1" 200 495 "http://localhost:5173/" "Mozilla/5.0 (Windows NT 10.0; Win64; x64) AppleWebKit/537.36 (KHTML, like Gecko) Chrome/126.0.0.0 Safari/537.36"
::1 - - [19/Jun/2024:16:44:06 +0000] "POST /transactions/initialize-payment HTTP/1.1" 200 495 "http://localhost:5173/" "Mozilla/5.0 (Windows NT 10.0; Win64; x64) AppleWebKit/537.36 (KHTML, like Gecko) Chrome/126.0.0.0 Safari/537.36"
::1 - - [19/Jun/2024:16:46:00 +0000] "POST /transactions/initialize-payment HTTP/1.1" 200 495 "http://localhost:5173/" "Mozilla/5.0 (Windows NT 10.0; Win64; x64) AppleWebKit/537.36 (KHTML, like Gecko) Chrome/126.0.0.0 Safari/537.36"
::ffff:127.0.0.1 - - [19/Jun/2024:23:23:10 +0000] "POST /auth/login HTTP/1.1" 200 465 "-" "PostmanRuntime/7.32.1"
::1 - - [19/Jun/2024:23:25:54 +0000] "GET /transactions/check-payment-status HTTP/1.1" 500 1437 "http://localhost:5173/" "Mozilla/5.0 (Windows NT 10.0; Win64; x64) AppleWebKit/537.36 (KHTML, like Gecko) Chrome/126.0.0.0 Safari/537.36"
::1 - - [19/Jun/2024:23:26:58 +0000] "GET /transactions/check-payment-status HTTP/1.1" 500 1437 "http://localhost:5173/" "Mozilla/5.0 (Windows NT 10.0; Win64; x64) AppleWebKit/537.36 (KHTML, like Gecko) Chrome/126.0.0.0 Safari/537.36"
::1 - - [19/Jun/2024:23:27:30 +0000] "GET /transactions/check-payment-status HTTP/1.1" 500 1437 "http://localhost:5173/" "Mozilla/5.0 (Windows NT 10.0; Win64; x64) AppleWebKit/537.36 (KHTML, like Gecko) Chrome/126.0.0.0 Safari/537.36"
::1 - - [19/Jun/2024:23:28:25 +0000] "POST /transactions/check-payment-status HTTP/1.1" 500 223 "http://localhost:5173/" "Mozilla/5.0 (Windows NT 10.0; Win64; x64) AppleWebKit/537.36 (KHTML, like Gecko) Chrome/126.0.0.0 Safari/537.36"
::1 - - [19/Jun/2024:23:29:49 +0000] "POST /transactions/check-payment-status HTTP/1.1" 200 73 "http://localhost:5173/" "Mozilla/5.0 (Windows NT 10.0; Win64; x64) AppleWebKit/537.36 (KHTML, like Gecko) Chrome/126.0.0.0 Safari/537.36"
::1 - - [20/Jun/2024:00:00:38 +0000] "POST /transactions/check-payment-status HTTP/1.1" 200 489 "http://localhost:5173/" "Mozilla/5.0 (Windows NT 10.0; Win64; x64) AppleWebKit/537.36 (KHTML, like Gecko) Chrome/126.0.0.0 Safari/537.36"
::1 - - [20/Jun/2024:00:01:11 +0000] "POST /transactions/create-transaction HTTP/1.1" 201 454 "http://localhost:5173/" "Mozilla/5.0 (Windows NT 10.0; Win64; x64) AppleWebKit/537.36 (KHTML, like Gecko) Chrome/126.0.0.0 Safari/537.36"
::1 - - [20/Jun/2024:00:02:05 +0000] "POST /transactions/initialize-payment HTTP/1.1" 200 489 "http://localhost:5173/" "Mozilla/5.0 (Windows NT 10.0; Win64; x64) AppleWebKit/537.36 (KHTML, like Gecko) Chrome/126.0.0.0 Safari/537.36"
::1 - - [20/Jun/2024:00:02:28 +0000] "POST /transactions/create-transaction HTTP/1.1" 201 454 "http://localhost:5173/" "Mozilla/5.0 (Windows NT 10.0; Win64; x64) AppleWebKit/537.36 (KHTML, like Gecko) Chrome/126.0.0.0 Safari/537.36"
::1 - - [20/Jun/2024:00:03:03 +0000] "POST /transactions/initialize-payment HTTP/1.1" 200 489 "http://localhost:5173/" "Mozilla/5.0 (Windows NT 10.0; Win64; x64) AppleWebKit/537.36 (KHTML, like Gecko) Chrome/126.0.0.0 Safari/537.36"
::1 - - [20/Jun/2024:00:06:13 +0000] "POST /transactions/check-payment-status HTTP/1.1" 200 668 "http://localhost:5173/" "Mozilla/5.0 (Windows NT 10.0; Win64; x64) AppleWebKit/537.36 (KHTML, like Gecko) Chrome/126.0.0.0 Safari/537.36"
::1 - - [20/Jun/2024:06:46:42 +0000] "POST /transactions/initialize-payment HTTP/1.1" - - "http://localhost:5173/" "Mozilla/5.0 (Windows NT 10.0; Win64; x64) AppleWebKit/537.36 (KHTML, like Gecko) Chrome/126.0.0.0 Safari/537.36"
::1 - - [20/Jun/2024:06:46:52 +0000] "POST /transactions/initialize-payment HTTP/1.1" - - "http://localhost:5173/" "Mozilla/5.0 (Windows NT 10.0; Win64; x64) AppleWebKit/537.36 (KHTML, like Gecko) Chrome/126.0.0.0 Safari/537.36"
::1 - - [20/Jun/2024:06:47:19 +0000] "POST /transactions/initialize-payment HTTP/1.1" 200 489 "http://localhost:5173/" "Mozilla/5.0 (Windows NT 10.0; Win64; x64) AppleWebKit/537.36 (KHTML, like Gecko) Chrome/126.0.0.0 Safari/537.36"
::1 - - [20/Jun/2024:07:26:32 +0000] "POST /transactions/create-transaction HTTP/1.1" 201 454 "http://localhost:5173/" "Mozilla/5.0 (Windows NT 10.0; Win64; x64) AppleWebKit/537.36 (KHTML, like Gecko) Chrome/126.0.0.0 Safari/537.36"
::1 - - [20/Jun/2024:07:29:43 +0000] "POST /transactions/create-transaction HTTP/1.1" 201 454 "http://localhost:5173/" "Mozilla/5.0 (Windows NT 10.0; Win64; x64) AppleWebKit/537.36 (KHTML, like Gecko) Chrome/126.0.0.0 Safari/537.36"
::1 - - [20/Jun/2024:07:32:03 +0000] "POST /transactions/create-transaction HTTP/1.1" 201 454 "http://localhost:5173/" "Mozilla/5.0 (Windows NT 10.0; Win64; x64) AppleWebKit/537.36 (KHTML, like Gecko) Chrome/126.0.0.0 Safari/537.36"
::1 - - [20/Jun/2024:07:37:46 +0000] "POST /transactions/create-transaction HTTP/1.1" 201 454 "http://localhost:5173/" "Mozilla/5.0 (Windows NT 10.0; Win64; x64) AppleWebKit/537.36 (KHTML, like Gecko) Chrome/126.0.0.0 Safari/537.36"
::1 - - [20/Jun/2024:07:40:57 +0000] "POST /transactions/create-transaction HTTP/1.1" 201 454 "http://localhost:5173/" "Mozilla/5.0 (Windows NT 10.0; Win64; x64) AppleWebKit/537.36 (KHTML, like Gecko) Chrome/126.0.0.0 Safari/537.36"
::1 - - [20/Jun/2024:07:41:44 +0000] "POST /transactions/create-transaction HTTP/1.1" 201 454 "http://localhost:5173/" "Mozilla/5.0 (Windows NT 10.0; Win64; x64) AppleWebKit/537.36 (KHTML, like Gecko) Chrome/126.0.0.0 Safari/537.36"
::1 - - [20/Jun/2024:07:42:35 +0000] "POST /transactions/create-transaction HTTP/1.1" 201 454 "http://localhost:5173/" "Mozilla/5.0 (Windows NT 10.0; Win64; x64) AppleWebKit/537.36 (KHTML, like Gecko) Chrome/126.0.0.0 Safari/537.36"
::1 - - [20/Jun/2024:07:43:13 +0000] "POST /transactions/create-transaction HTTP/1.1" 201 454 "http://localhost:5173/" "Mozilla/5.0 (Windows NT 10.0; Win64; x64) AppleWebKit/537.36 (KHTML, like Gecko) Chrome/126.0.0.0 Safari/537.36"
::1 - - [20/Jun/2024:07:43:53 +0000] "POST /transactions/create-transaction HTTP/1.1" 201 454 "http://localhost:5173/" "Mozilla/5.0 (Windows NT 10.0; Win64; x64) AppleWebKit/537.36 (KHTML, like Gecko) Chrome/126.0.0.0 Safari/537.36"
::1 - - [20/Jun/2024:07:46:19 +0000] "POST /transactions/create-transaction HTTP/1.1" 201 454 "http://localhost:5173/" "Mozilla/5.0 (Windows NT 10.0; Win64; x64) AppleWebKit/537.36 (KHTML, like Gecko) Chrome/126.0.0.0 Safari/537.36"
::1 - - [20/Jun/2024:07:47:09 +0000] "POST /transactions/create-transaction HTTP/1.1" 201 563 "http://localhost:5173/" "Mozilla/5.0 (Windows NT 10.0; Win64; x64) AppleWebKit/537.36 (KHTML, like Gecko) Chrome/126.0.0.0 Safari/537.36"
::1 - - [20/Jun/2024:07:50:00 +0000] "POST /transactions/create-transaction HTTP/1.1" 500 239 "http://localhost:5173/" "Mozilla/5.0 (Windows NT 10.0; Win64; x64) AppleWebKit/537.36 (KHTML, like Gecko) Chrome/126.0.0.0 Safari/537.36"
::1 - - [20/Jun/2024:07:50:43 +0000] "POST /transactions/create-transaction HTTP/1.1" 201 475 "http://localhost:5173/" "Mozilla/5.0 (Windows NT 10.0; Win64; x64) AppleWebKit/537.36 (KHTML, like Gecko) Chrome/126.0.0.0 Safari/537.36"
::1 - - [20/Jun/2024:08:26:14 +0000] "POST /transactions/initialize-payment HTTP/1.1" 200 351 "http://localhost:5173/" "Mozilla/5.0 (Windows NT 10.0; Win64; x64) AppleWebKit/537.36 (KHTML, like Gecko) Chrome/126.0.0.0 Safari/537.36"
::1 - - [20/Jun/2024:08:26:48 +0000] "POST /transactions/initialize-payment HTTP/1.1" 200 351 "http://localhost:5173/" "Mozilla/5.0 (Windows NT 10.0; Win64; x64) AppleWebKit/537.36 (KHTML, like Gecko) Chrome/126.0.0.0 Safari/537.36"
::1 - - [20/Jun/2024:08:27:09 +0000] "POST /transactions/initialize-payment HTTP/1.1" 200 351 "http://localhost:5173/" "Mozilla/5.0 (Windows NT 10.0; Win64; x64) AppleWebKit/537.36 (KHTML, like Gecko) Chrome/126.0.0.0 Safari/537.36"
::1 - - [20/Jun/2024:09:06:00 +0000] "POST /transactions/check-payment-status HTTP/1.1" 200 668 "http://localhost:5173/" "Mozilla/5.0 (Windows NT 10.0; Win64; x64) AppleWebKit/537.36 (KHTML, like Gecko) Chrome/126.0.0.0 Safari/537.36"
::1 - - [20/Jun/2024:09:14:31 +0000] "POST /transactions/check-payment-status HTTP/1.1" 200 613 "http://localhost:5173/" "Mozilla/5.0 (Windows NT 10.0; Win64; x64) AppleWebKit/537.36 (KHTML, like Gecko) Chrome/126.0.0.0 Safari/537.36"
::1 - - [20/Jun/2024:09:14:53 +0000] "POST /transactions/check-rrr-payment-status HTTP/1.1" 200 81 "http://localhost:5173/" "Mozilla/5.0 (Windows NT 10.0; Win64; x64) AppleWebKit/537.36 (KHTML, like Gecko) Chrome/126.0.0.0 Safari/537.36"
::1 - - [20/Jun/2024:09:16:47 +0000] "POST /transactions/check-rrr-payment-status HTTP/1.1" 200 183 "http://localhost:5173/" "Mozilla/5.0 (Windows NT 10.0; Win64; x64) AppleWebKit/537.36 (KHTML, like Gecko) Chrome/126.0.0.0 Safari/537.36"
::1 - - [20/Jun/2024:09:37:05 +0000] "POST /transactions/initialize-payment HTTP/1.1" 200 351 "http://localhost:5173/" "Mozilla/5.0 (Windows NT 10.0; Win64; x64) AppleWebKit/537.36 (KHTML, like Gecko) Chrome/126.0.0.0 Safari/537.36"
